Running on host compute321.bc4.acrc.priv
Time is Thu Feb 16 15:16:37 GMT 2023
Directory is /user/home/em18564/LanguageSim/test
Slurm job ID is 11192889
This job runs on the following machines:
compute321
Running on host compute520.bc4.acrc.priv
Time is Thu Feb 16 15:16:37 GMT 2023
Directory is /user/home/em18564/LanguageSim/test
Slurm job ID is 11192890
This job runs on the following machines:
compute520
slurmstepd: error: *** JOB 11192889 ON compute321 CANCELLED AT 2023-02-16T15:19:39 ***
slurmstepd: error: *** JOB 11192841 ON compute177 CANCELLED AT 2023-02-16T15:19:39 ***
slurmstepd: error: *** JOB 11192842 ON compute261 CANCELLED AT 2023-02-16T15:19:39 ***
slurmstepd: error: *** JOB 11192843 ON compute373 CANCELLED AT 2023-02-16T15:19:39 ***
slurmstepd: error: *** JOB 11192840 ON compute107 CANCELLED AT 2023-02-16T15:19:39 ***
slurmstepd: error: *** JOB 11192890 ON compute520 CANCELLED AT 2023-02-16T15:19:39 ***
